Setting up libdrm-common (2.4.125-1ubuntu0.1~24.04.1) ...
Setting up libxcomposite1:amd64 (1:0.4.5-1build3) ...
Setting up libxml2:amd64 (2.9.14+dfsg-1.3ubuntu3.7) ...
Setting up libxkbcommon0:amd64 (1.6.0-1build1) ...
Setting up libwayland-client0:amd64 (1.22.0-2.1build1) ...
Setting up libjpeg8:amd64 (8c-2ubuntu11) ...
Setting up libxcb-dri3-0:amd64 (1.15-1ubuntu2) ...
Setting up libx11-xcb1:amd64 (2:1.8.7-1build1) ...
Setting up libxdamage1:amd64 (1:1.1.6-1build1) ...
Setting up libatk1.0-0t64:amd64 (2.52.0-1build1) ...
Setting up libxrender1:amd64 (1:0.9.10-1.1build1) ...
Setting up fontconfig-config (2.15.0-1.1ubuntu2) ...
Setting up libavahi-common3:amd64 (0.8-13ubuntu6.1) ...
Setting up libxext6:amd64 (2:1.3.4-1build2) ...
Setting up libnss3:amd64 (2:3.98-1ubuntu0.1) ...
Setting up libcolord2:amd64 (1.4.7-1build2) ...
Setting up libdconf1:amd64 (0.40.0-4ubuntu0.1) ...
Setting up libthai0:amd64 (0.1.29-2build1) ...
Setting up libfreetype6:amd64 (2.13.2+dfsg-1ubuntu0.1) ...
Setting up libxfixes3:amd64 (1:6.0.0-2build1) ...
Setting up shared-mime-info (2.4-4) ...
Setting up libxinerama1:amd64 (2:1.1.4-3build1) ...
Setting up libxrandr2:amd64 (2:1.5.2-2build1) ...
Setting up libllvm20:amd64 (1:20.1.2-0ubuntu1~24.04.2) ...
Setting up libdrm2:amd64 (2.4.125-1ubuntu0.1~24.04.1) ...
Setting up libtiff6:amd64 (4.5.1+git230720-4ubuntu2.4) ...
Setting up libwayland-cursor0:amd64 (1.22.0-2.1build1) ...
Setting up libharfbuzz0b:amd64 (8.3.0-2build2) ...
Setting up libgdk-pixbuf-2.0-0:amd64 (2.42.10+dfsg-3ubuntu3.2) ...
Setting up libxss1:amd64 (1:1.2.3-1build3) ...
Setting up libfontconfig1:amd64 (2.15.0-1.1ubuntu2) ...
Setting up libavahi-client3:amd64 (0.8-13ubuntu6.1) ...
Setting up libdrm-amdgpu1:amd64 (2.4.125-1ubuntu0.1~24.04.1) ...
Setting up gtk-update-icon-cache (3.24.41-4ubuntu1.3) ...
Setting up fontconfig (2.15.0-1.1ubuntu2) ...
Regenerating fonts cache... done.
Setting up libxi6:amd64 (2:1.8.1-1build1) ...
Setting up libxcursor1:amd64 (1:1.2.1-1build1) ...
Setting up libpango-1.0-0:amd64 (1.52.1+ds-1build1) ...
Setting up libdrm-intel1:amd64 (2.4.125-1ubuntu0.1~24.04.1) ...
Setting up dconf-service (0.40.0-4ubuntu0.1) ...
Setting up libcairo2:amd64 (1.18.0-3build1) ...
Setting up libatspi2.0-0t64:amd64 (2.52.0-1build1) ...
Setting up libcairo-gobject2:amd64 (1.18.0-3build1) ...
Setting up libpangoft2-1.0-0:amd64 (1.52.1+ds-1build1) ...
Setting up libcups2t64:amd64 (2.4.7-1.2ubuntu7.9) ...
Setting up libpangocairo-1.0-0:amd64 (1.52.1+ds-1build1) ...
Setting up libatk-bridge2.0-0t64:amd64 (2.52.0-1build1) ...
Setting up mesa-libgallium:amd64 (25.2.8-0ubuntu0.24.04.1) ...
Setting up dconf-gsettings-backend:amd64 (0.40.0-4ubuntu0.1) ...
Setting up libgbm1:amd64 (25.2.8-0ubuntu0.24.04.1) ...
Setting up libgtk-3-common (3.24.41-4ubuntu1.3) ...
Setting up adwaita-icon-theme (46.0-1) ...
update-alternatives: using /usr/share/icons/Adwaita/cursor.theme to provide /usr/share/icons/default/index.theme (x-cursor-theme) in auto mode
Setting up libgtk-3-0t64:amd64 (3.24.41-4ubuntu1.3) ...
Setting up humanity-icon-theme (0.6.16) ...
Setting up ubuntu-mono (24.04-0ubuntu1) ...
Processing triggers for libc-bin (2.39-0ubuntu8.4) ...
[stage-0  5/11] RUN sudo apt-get update && sudo apt-get install -y --no-install-recommends libnss3 libatk1.0-0 libatk-bridge2.0-0 libcups2 libgbm1 libasound2t64 libpangocairo-1.0-0 libxss1 libgtk-3-0 libxshmfence1 libglu1 chromium[stage-0  6/11] COPY . /app/.[stage-0  6/11] COPY . /app/.[stage-0  7/11] RUN --mount=type=cache,id=s/08fba4ae-323b-4920-8e61-149b20b29c03-/root/npm,target=/root/.npm npm cinpm warn config production Use `--omit=dev` instead.
npm warn EBADENGINE Unsupported engine {
npm warn EBADENGINE   package: '@tailwindcss/oxide@4.2.2',
npm warn EBADENGINE   required: { node: '>= 20' },
npm warn EBADENGINE   current: { node: 'v18.20.5', npm: '10.8.2' }
npm warn EBADENGINE }
npm warn EBADENGINE Unsupported engine {
npm warn EBADENGINE   package: 'eslint-visitor-keys@5.0.1',
npm warn EBADENGINE   required: { node: '^20.19.0 || ^22.13.0 || >=24' },
npm warn EBADENGINE   current: { node: 'v18.20.5', npm: '10.8.2' }
npm warn EBADENGINE }
npm warn EBADENGINE Unsupported engine {
npm warn EBADENGINE   package: '@vercel/oidc@3.1.0',
npm warn EBADENGINE   required: { node: '>= 20' },
npm warn EBADENGINE   current: { node: 'v18.20.5', npm: '10.8.2' }
npm warn EBADENGINE }
npm warn EBADENGINE Unsupported engine {
npm warn EBADENGINE   package: 'next@16.2.0',
npm warn EBADENGINE   required: { node: '>=20.9.0' },
npm warn EBADENGINE   current: { node: 'v18.20.5', npm: '10.8.2' }
npm warn EBADENGINE }
npm warn deprecated rimraf@2.7.1: Rimraf versions prior to v4 are no longer supported
npm warn deprecated lodash.isequal@4.5.0: This package is deprecated. Use require('node:util').isDeepStrictEqual instead.
npm warn deprecated inflight@1.0.6: This module is not supported, and leaks memory. Do not use it. Check out lru-cache if you want a good and tested way to coalesce async requests by a key value, which is much more comprehensive and powerful.
npm warn deprecated fstream@1.0.12: This package is no longer supported.
npm warn deprecated glob@7.2.3: Old versions of glob are not supported, and contain widely publicized security vulnerabilities, which have been fixed in the current version. Please update. Support for old versions may be purchased (at exorbitant rates) by contacting i@izs.me
npm warn deprecated glob@7.2.3: Old versions of glob are not supported, and contain widely publicized security vulnerabilities, which have been fixed in the current version. Please update. Support for old versions may be purchased (at exorbitant rates) by contacting i@izs.me
npm warn deprecated glob@10.5.0: Old versions of glob are not supported, and contain widely publicized security vulnerabilities, which have been fixed in the current version. Please update. Support for old versions may be purchased (at exorbitant rates) by contacting i@izs.me

added 691 packages, and audited 692 packages in 24s

181 packages are looking for funding
  run `npm fund` for details

1 high severity vulnerability

Some issues need review, and may require choosing
a different dependency.

Run `npm audit` for details.
[stage-0  7/11] RUN --mount=type=cache,id=s/08fba4ae-323b-4920-8e61-149b20b29c03-/root/npm,target=/root/.npm npm ci[stage-0  8/11] COPY . /app/.[stage-0  8/11] COPY . /app/.[stage-0  9/11] RUN --mount=type=cache,id=s/08fba4ae-323b-4920-8e61-149b20b29c03-next/cache,target=/app/.next/cache --mount=type=cache,id=s/08fba4ae-323b-4920-8e61-149b20b29c03-node_modules/cache,target=/app/node_modules/.cache npx prisma generate && npm run buildnpm warn config production Use `--omit=dev` instead.
Prisma schema loaded from prisma/schema.prisma

✔ Generated Prisma Client (v5.22.0) to ./node_modules/@prisma/client in 165ms

Start by importing your Prisma Client (See: https://pris.ly/d/importing-client)

Tip: Want real-time updates to your database without manual polling? Discover how with Pulse: https://pris.ly/tip-0-pulse

npm warn config production Use `--omit=dev` instead.

> app@0.1.0 build
> next build

You are using Node.js 18.20.5. For Next.js, Node.js version ">=20.9.0" is required.
[stage-0  9/11] RUN --mount=type=cache,id=s/08fba4ae-323b-4920-8e61-149b20b29c03-next/cache,target=/app/.next/cache --mount=type=cache,id=s/08fba4ae-323b-4920-8e61-149b20b29c03-node_modules/cache,target=/app/node_modules/.cache npx prisma generate && npm run buildDockerfile:24-------------------22 |     # build phase23 |     COPY . /app/.24 | >>> RUN --mount=type=cache,id=s/08fba4ae-323b-4920-8e61-149b20b29c03-next/cache,target=/app/.next/cache --mount=type=cache,id=s/08fba4ae-323b-4920-8e61-149b20b29c03-node_modules/cache,target=/app/node_modules/.cache npx prisma generate && npm run build25 |26 |-------------------ERROR: failed to build: failed to solve: process "/bin/bash -ol pipefail -c npx prisma generate && npm run build" did not complete successfully: exit code: 1Error: Docker build failed